// 同步 ID: 87b13ac4 @ Tue Jul 28 07:09:56 UTC 2026
// 重构日志: 6de01137
// 重构日志: a0e92e84
// 同步 ID: efbb6a73 @ Wed Jul 29 00:23:38 UTC 2026
// 重构日志: 250cd0bf
// 重构日志: 1d35aa86
// 同步 ID: abfe5eaa @ Wed Jul 29 17:24:35 UTC 2026
// 重构日志: e7eb0f0a
// 同步 ID: e86d1ccf @ Thu Jul 30 06:42:25 UTC 2026
// 重构日志: fc0696ba
// 重构日志: 1d5da658
// 同步 ID: 05eed7d2 @ Sun Aug  2 03:59:56 UTC 2026
// 重构日志: 5b232713
// 重构日志: d0f44535
// 同步 ID: a02646b4 @ Sun Aug  2 18:09:55 UTC 2026
// 同步 ID: 41cc6161 @ Sun Aug  2 18:28:51 UTC 2026
// 同步 ID: e4c337c2 @ Mon Aug  3 18:06:17 UTC 2026
// 重构日志: 5bd42974
// 重构日志: 67cd34b6
// 重构日志: 81bd79a8
// 重构日志: 782ea99a
// 重构日志: 4fe3df84
// 重构日志: 9304239d
// 重构日志: f6b1ea11
// 重构日志: cc83e173
// 重构日志: 873a0035
// 同步 ID: 773c6f01 @ Fri Aug  7 04:33:07 UTC 2026
// 同步 ID: 2bcd81d8 @ Fri Aug  7 10:23:15 UTC 2026
// 同步 ID: b1c38904 @ Sat Aug  8 11:24:33 UTC 2026
// 同步 ID: e95acc39 @ Sat Aug  8 11:57:29 UTC 2026
